{"time": "2026-02-27T22:55:51", "stage": "Exponential", "temp": 30.7, "co2": 1201}
{"time": "2026-02-28T00:33:39", "stage": "Peak", "temp": 30.9, "co2": 12327}
{"time": "2026-02-28T02:35:39", "stage": "Decline", "temp": 31.0, "co2": 13317}
{"time": "2026-02-27T22:55:51", "stage": "Exponential", "temp": 30.7, "co2": 1201.0}
{"time": "2026-02-28T00:33:39", "stage": "Peak", "temp": 30.9, "co2": 12327.0}
{"time": "2026-02-28T02:35:39", "stage": "Decline", "temp": 31.0, "co2": 13317.0}
{"time": "2026-02-27T22:52:50", "stage": "Exponential", "temp": 30.7, "co2": 1184}
{"time": "2026-02-28T00:33:39", "stage": "Peak", "temp": 30.9, "co2": 12327}
{"time": "2026-02-28T02:35:39", "stage": "Decline", "temp": 31.0, "co2": 13317}
{"time": "2026-02-27T22:52:50", "stage": "Exponential", "temp": 30.7, "co2": 1184.0}
{"time": "2026-02-28T00:30:38", "stage": "Peak", "temp": 30.9, "co2": 10500.0}
{"time": "2026-02-28T00:48:46", "stage": "Decline", "temp": 31.1, "co2": 20493.0}
{"time": "2026-02-25T23:54:43", "stage": "Exponential", "temp": 33.6, "co2": 3303.0}
{"time": "2026-02-26T01:12:40", "stage": "Peak", "temp": 34.1, "co2": 15997.0}
{"time": "2026-02-26T03:17:06", "stage": "Decline", "temp": 34.3, "co2": 25376.0}
{"time": "2026-02-24T23:19:27", "stage": "Exponential", "temp": 33.9, "co2": 3428.0}
{"time": "2026-02-25T00:09:42", "stage": "Peak", "temp": 34.2, "co2": 9965.0}
{"time": "2026-02-25T02:11:00", "stage": "Decline", "temp": 34.5, "co2": 28687.0}
{"time": "2026-03-01T13:08:14", "stage": "Exponential", "temp": 28.3, "co2": 1986.0}
{"time": "2026-03-01T16:28:07", "stage": "Peak", "temp": 28.4, "co2": 2467.0}
{"time": "2026-03-01T18:29:49", "stage": "Decline", "temp": 30.8, "co2": 8355.0}
{"time": "2026-03-01T13:08:14", "stage": "Exponential", "temp": 28.3, "co2": 1986.0}
{"time": "2026-03-01T16:28:07", "stage": "Peak", "temp": 28.4, "co2": 2467.0}
{"time": "2026-03-01T18:29:49", "stage": "Decline", "temp": 30.8, "co2": 8355.0}
{"time": "2026-03-02T11:02:11", "stage": "Exponential", "temp": 27.3, "co2": 1802.0}
{"time": "2026-03-02T12:51:03", "stage": "Peak", "temp": 27.3, "co2": 3956.0}
{"time": "2026-03-02T14:52:57", "stage": "Decline", "temp": 28.1, "co2": 9772.0}
{"time": "2026-02-19T15:55:05", "stage": "Exponential", "temp": 34.1, "co2": 1921.0}
{"time": "2026-02-19T17:01:40", "stage": "Peak", "temp": 34.2, "co2": 7849.0}
{"time": "2026-02-19T19:03:10", "stage": "Decline", "temp": 34.4, "co2": 20367.0}
{"time": "2026-02-25T10:13:46", "stage": "Exponential", "temp": 33.6, "co2": 2895.0}
{"time": "2026-02-25T11:34:12", "stage": "Peak", "temp": 34.3, "co2": 10984.0}
{"time": "2026-02-25T13:36:07", "stage": "Decline", "temp": 34.4, "co2": 20079.0}
{"time": "2026-02-24T16:54:12", "stage": "Exponential", "temp": 33.7, "co2": 3408.0}
{"time": "2026-02-24T17:57:31", "stage": "Peak", "temp": 34.3, "co2": 8418.0}
{"time": "2026-02-24T19:58:48", "stage": "Decline", "temp": 34.6, "co2": 19347.0}
{"time": "2026-02-24T16:54:12", "stage": "Exponential", "temp": 33.7, "co2": 3408.0}
{"time": "2026-02-24T17:53:31", "stage": "Peak", "temp": 34.3, "co2": 4912.0}
{"time": "2026-02-24T19:54:47", "stage": "Decline", "temp": 34.6, "co2": 34271.0}
{"time": "2026-02-26T16:52:53", "stage": "Exponential", "temp": 33.7, "co2": 3125.0}
{"time": "2026-02-26T18:15:22", "stage": "Peak", "temp": 34.3, "co2": 8800.0}
{"time": "2026-02-26T20:16:41", "stage": "Decline", "temp": 34.5, "co2": 10759.0}
{"time": "2026-02-28T16:28:44", "stage": "Exponential", "temp": 30.2, "co2": 522.0}
{"time": "2026-02-28T18:15:24", "stage": "Peak", "temp": 30.6, "co2": 6381.0}
{"time": "2026-02-28T20:16:33", "stage": "Decline", "temp": 31.2, "co2": 14911.0}
{"time": "2026-03-02T10:55:07", "stage": "Exponential", "temp": 27.3, "co2": 1735.0}
{"time": "2026-03-02T12:51:03", "stage": "Peak", "temp": 27.3, "co2": 3956.0}
{"time": "2026-03-02T14:52:57", "stage": "Decline", "temp": 28.1, "co2": 9772.0}
{"time": "2026-03-01T23:34:38", "stage": "Exponential", "temp": 28.2, "co2": 1849.0}
{"time": "2026-03-02T01:17:26", "stage": "Peak", "temp": 27.9, "co2": 3615.0}
{"time": "2026-03-02T03:25:28", "stage": "Decline", "temp": 27.7, "co2": 17655.0}
{"time": "2026-02-27T22:52:50", "stage": "Exponential", "temp": 30.7, "co2": 1184.0}
{"time": "2026-02-28T00:30:38", "stage": "Peak", "temp": 30.9, "co2": 10500.0}
{"time": "2026-02-28T02:32:38", "stage": "Decline", "temp": 31.1, "co2": 13266.0}
{"time": "2026-02-24T16:54:12", "stage": "Exponential", "temp": 33.7, "co2": 3408.0}
{"time": "2026-02-24T17:57:31", "stage": "Peak", "temp": 34.3, "co2": 8418.0}
{"time": "2026-02-24T19:58:48", "stage": "Decline", "temp": 34.6, "co2": 19347.0}
{"time": "2026-02-24T23:19:27", "stage": "Exponential", "temp": 33.9, "co2": 3428.0}
{"time": "2026-02-25T00:20:43", "stage": "Peak", "temp": 34.3, "co2": 19020.0}
{"time": "2026-02-25T02:22:06", "stage": "Decline", "temp": 34.5, "co2": 22044.0}
{"time": "2026-02-25T10:11:45", "stage": "Exponential", "temp": 33.6, "co2": 2895.0}
{"time": "2026-02-25T11:35:12", "stage": "Peak", "temp": 34.3, "co2": 10447.0}
{"time": "2026-02-25T13:37:08", "stage": "Decline", "temp": 34.4, "co2": 21791.0}
{"time": "2026-02-25T16:50:21", "stage": "Exponential", "temp": 34.1, "co2": 2845.0}
{"time": "2026-02-25T17:49:48", "stage": "Peak", "temp": 34.4, "co2": 5825.0}
{"time": "2026-02-25T19:51:09", "stage": "Decline", "temp": 34.6, "co2": 25258.0}
{"time": "2026-02-25T23:54:43", "stage": "Exponential", "temp": 33.6, "co2": 3303.0}
{"time": "2026-02-26T01:12:40", "stage": "Peak", "temp": 34.1, "co2": 15997.0}
{"time": "2026-02-26T03:14:05", "stage": "Decline", "temp": 34.3, "co2": 31330.0}
{"time": "2026-02-26T16:52:53", "stage": "Exponential", "temp": 33.7, "co2": 3125.0}
{"time": "2026-02-26T18:14:21", "stage": "Peak", "temp": 34.3, "co2": 10304.0}
{"time": "2026-02-26T20:15:41", "stage": "Decline", "temp": 34.5, "co2": 10772.0}
{"time": "2026-02-27T14:34:27", "stage": "Exponential", "temp": 32.6, "co2": 2049.0}
{"time": "2026-02-27T16:00:02", "stage": "Peak", "temp": 31.6, "co2": 3976.0}
{"time": "2026-02-27T18:01:57", "stage": "Decline", "temp": 31.5, "co2": 16460.0}
{"time": "2026-02-27T22:52:50", "stage": "Exponential", "temp": 30.7, "co2": 1184.0}
{"time": "2026-02-28T00:32:39", "stage": "Peak", "temp": 30.9, "co2": 13478.0}
{"time": "2026-02-28T02:34:39", "stage": "Decline", "temp": 31.1, "co2": 13317.0}
{"time": "2026-02-28T16:23:42", "stage": "Exponential", "temp": 30.0, "co2": 500.0}
{"time": "2026-02-28T18:15:24", "stage": "Peak", "temp": 30.6, "co2": 6381.0}
{"time": "2026-02-28T20:16:33", "stage": "Decline", "temp": 31.2, "co2": 14911.0}
{"time": "2026-03-01T01:01:59", "stage": "Exponential", "temp": 29.7, "co2": 1731.0}
{"time": "2026-03-01T02:37:46", "stage": "Peak", "temp": 29.2, "co2": 3991.0}
{"time": "2026-03-01T04:39:49", "stage": "Decline", "temp": 28.7, "co2": 14287.0}
{"time": "2026-03-01T13:08:14", "stage": "Exponential", "temp": 28.3, "co2": 1986.0}
{"time": "2026-03-01T16:30:07", "stage": "Peak", "temp": 28.4, "co2": 2738.0}
{"time": "2026-03-01T18:31:50", "stage": "Decline", "temp": 30.7, "co2": 8216.0}
{"time": "2026-03-01T23:34:38", "stage": "Exponential", "temp": 28.2, "co2": 1849.0}
{"time": "2026-03-02T01:14:25", "stage": "Peak", "temp": 28.0, "co2": 2287.0}
{"time": "2026-03-02T03:20:26", "stage": "Decline", "temp": 27.7, "co2": 8062.0}
{"time": "2026-03-02T11:01:10", "stage": "Exponential", "temp": 27.3, "co2": 1800.0}
{"time": "2026-03-02T12:51:03", "stage": "Peak", "temp": 27.3, "co2": 3956.0}
{"time": "2026-03-02T14:52:57", "stage": "Decline", "temp": 28.1, "co2": 9772.0}
{"time": "2026-02-19T15:55:05", "stage": "Exponential", "temp": 34.1, "co2": 1921.0}
{"time": "2026-02-19T17:00:40", "stage": "Peak", "temp": 34.2, "co2": 7849.0}
{"time": "2026-02-19T19:02:10", "stage": "Decline", "temp": 34.4, "co2": 18249.0}
{"time": "2026-02-24T16:54:12", "stage": "Exponential", "temp": 33.7, "co2": 3408.0}
{"time": "2026-02-24T17:57:31", "stage": "Peak", "temp": 34.3, "co2": 8418.0}
{"time": "2026-02-24T19:58:48", "stage": "Decline", "temp": 34.6, "co2": 19347.0}
{"time": "2026-02-24T23:19:27", "stage": "Exponential", "temp": 33.9, "co2": 3428.0}
{"time": "2026-02-25T00:20:43", "stage": "Peak", "temp": 34.3, "co2": 19020.0}
{"time": "2026-02-25T02:22:06", "stage": "Decline", "temp": 34.5, "co2": 22044.0}
{"time": "2026-02-25T10:11:45", "stage": "Exponential", "temp": 33.6, "co2": 2895.0}
{"time": "2026-02-25T11:35:12", "stage": "Peak", "temp": 34.3, "co2": 10447.0}
{"time": "2026-02-25T13:37:08", "stage": "Decline", "temp": 34.4, "co2": 21791.0}
{"time": "2026-02-25T16:50:21", "stage": "Exponential", "temp": 34.1, "co2": 2845.0}
{"time": "2026-02-25T17:49:48", "stage": "Peak", "temp": 34.4, "co2": 5825.0}
{"time": "2026-02-25T19:51:09", "stage": "Decline", "temp": 34.6, "co2": 25258.0}
{"time": "2026-02-25T23:54:43", "stage": "Exponential", "temp": 33.6, "co2": 3303.0}
{"time": "2026-02-26T01:12:40", "stage": "Peak", "temp": 34.1, "co2": 15997.0}
{"time": "2026-02-26T03:14:05", "stage": "Decline", "temp": 34.3, "co2": 31330.0}
{"time": "2026-02-26T16:52:53", "stage": "Exponential", "temp": 33.7, "co2": 3125.0}
{"time": "2026-02-26T18:14:21", "stage": "Peak", "temp": 34.3, "co2": 10304.0}
{"time": "2026-02-26T20:15:41", "stage": "Decline", "temp": 34.5, "co2": 10772.0}
{"time": "2026-02-27T14:34:27", "stage": "Exponential", "temp": 32.6, "co2": 2049.0}
{"time": "2026-02-27T15:44:58", "stage": "Peak", "temp": 31.5, "co2": 7673.0}
{"time": "2026-02-27T17:46:49", "stage": "Decline", "temp": 31.5, "co2": 29989.0}
{"time": "2026-02-27T22:52:50", "stage": "Exponential", "temp": 30.7, "co2": 1184.0}
{"time": "2026-02-28T00:32:39", "stage": "Peak", "temp": 30.9, "co2": 13478.0}
{"time": "2026-02-28T02:34:39", "stage": "Decline", "temp": 31.1, "co2": 13317.0}
{"time": "2026-02-28T16:23:42", "stage": "Exponential", "temp": 30.0, "co2": 500.0}
{"time": "2026-02-28T18:15:24", "stage": "Peak", "temp": 30.6, "co2": 6381.0}
{"time": "2026-02-28T20:16:33", "stage": "Decline", "temp": 31.2, "co2": 14911.0}
{"time": "2026-03-01T01:00:58", "stage": "Exponential", "temp": 29.6, "co2": 1723.0}
{"time": "2026-03-01T02:46:53", "stage": "Peak", "temp": 29.2, "co2": 8190.0}
{"time": "2026-03-01T04:47:53", "stage": "Decline", "temp": 28.6, "co2": 14947.0}
{"time": "2026-03-01T13:08:14", "stage": "Exponential", "temp": 28.3, "co2": 1986.0}
{"time": "2026-03-01T16:30:07", "stage": "Peak", "temp": 28.4, "co2": 2738.0}
{"time": "2026-03-01T18:31:50", "stage": "Decline", "temp": 30.7, "co2": 8216.0}
{"time": "2026-03-01T23:34:38", "stage": "Exponential", "temp": 28.2, "co2": 1849.0}
{"time": "2026-03-02T01:14:25", "stage": "Peak", "temp": 28.0, "co2": 2287.0}
{"time": "2026-03-02T03:17:24", "stage": "Decline", "temp": 27.7, "co2": 9213.0}
{"time": "2026-03-02T11:01:10", "stage": "Exponential", "temp": 27.3, "co2": 1800.0}
{"time": "2026-03-02T12:51:03", "stage": "Peak", "temp": 27.3, "co2": 3956.0}
{"time": "2026-03-02T14:52:57", "stage": "Decline", "temp": 28.1, "co2": 9772.0}
{"time": "2026-02-19T15:55:05", "stage": "Exponential", "temp": 34.1, "co2": 1921.0}
{"time": "2026-02-19T17:00:40", "stage": "Peak", "temp": 34.2, "co2": 7849.0}
{"time": "2026-02-19T19:02:10", "stage": "Decline", "temp": 34.4, "co2": 18249.0}
{"time": "2026-02-24T16:54:12", "stage": "Exponential", "temp": 33.7, "co2": 3408.0}
{"time": "2026-02-24T17:57:31", "stage": "Peak", "temp": 34.3, "co2": 8418.0}
{"time": "2026-02-24T19:58:48", "stage": "Decline", "temp": 34.6, "co2": 19347.0}
{"time": "2026-02-24T23:19:27", "stage": "Exponential", "temp": 33.9, "co2": 3428.0}
{"time": "2026-02-25T00:20:43", "stage": "Peak", "temp": 34.3, "co2": 19020.0}
{"time": "2026-02-25T02:22:06", "stage": "Decline", "temp": 34.5, "co2": 22044.0}
{"time": "2026-02-25T10:11:45", "stage": "Exponential", "temp": 33.6, "co2": 2895.0}
{"time": "2026-02-25T11:35:12", "stage": "Peak", "temp": 34.3, "co2": 10447.0}
{"time": "2026-02-25T13:37:08", "stage": "Decline", "temp": 34.4, "co2": 21791.0}
{"time": "2026-02-25T16:50:21", "stage": "Exponential", "temp": 34.1, "co2": 2845.0}
{"time": "2026-02-25T17:46:47", "stage": "Peak", "temp": 34.4, "co2": 6373.0}
{"time": "2026-02-25T19:48:09", "stage": "Decline", "temp": 34.6, "co2": 33393.0}
{"time": "2026-02-25T23:54:43", "stage": "Exponential", "temp": 33.6, "co2": 3303.0}
{"time": "2026-02-26T01:12:40", "stage": "Peak", "temp": 34.1, "co2": 15997.0}
{"time": "2026-02-26T03:14:05", "stage": "Decline", "temp": 34.3, "co2": 31330.0}
{"time": "2026-02-26T16:45:50", "stage": "Exponential", "temp": 33.4, "co2": 3099.0}
{"time": "2026-02-26T18:14:21", "stage": "Peak", "temp": 34.3, "co2": 10304.0}
{"time": "2026-02-26T20:15:41", "stage": "Decline", "temp": 34.5, "co2": 10772.0}
{"time": "2026-02-27T14:34:27", "stage": "Exponential", "temp": 32.6, "co2": 2049.0}
{"time": "2026-02-27T15:44:58", "stage": "Peak", "temp": 31.5, "co2": 7673.0}
{"time": "2026-02-27T17:46:49", "stage": "Decline", "temp": 31.5, "co2": 29989.0}
{"time": "2026-02-27T22:52:50", "stage": "Exponential", "temp": 30.7, "co2": 1184.0}
{"time": "2026-02-28T00:29:37", "stage": "Peak", "temp": 30.9, "co2": 7628.0}
{"time": "2026-02-28T02:31:37", "stage": "Decline", "temp": 31.1, "co2": 14486.0}
{"time": "2026-02-28T16:23:42", "stage": "Exponential", "temp": 30.0, "co2": 500.0}
{"time": "2026-02-28T18:16:24", "stage": "Peak", "temp": 30.6, "co2": 6729.0}
{"time": "2026-02-28T20:17:34", "stage": "Decline", "temp": 31.2, "co2": 15037.0}
{"time": "2026-03-01T01:06:00", "stage": "Exponential", "temp": 29.7, "co2": 1738.0}
{"time": "2026-03-01T02:47:53", "stage": "Peak", "temp": 29.2, "co2": 7128.0}
{"time": "2026-03-01T04:49:54", "stage": "Decline", "temp": 28.6, "co2": 12243.0}
{"time": "2026-03-01T13:08:14", "stage": "Exponential", "temp": 28.3, "co2": 1986.0}
{"time": "2026-03-01T16:35:08", "stage": "Peak", "temp": 28.4, "co2": 3895.0}
{"time": "2026-03-01T18:36:53", "stage": "Decline", "temp": 30.6, "co2": 10000.0}
{"time": "2026-03-01T23:34:38", "stage": "Exponential", "temp": 28.2, "co2": 1849.0}
{"time": "2026-03-02T01:14:25", "stage": "Peak", "temp": 28.0, "co2": 2287.0}
{"time": "2026-03-02T03:16:24", "stage": "Decline", "temp": 27.8, "co2": 8911.0}
{"time": "2026-03-02T10:40:00", "stage": "Exponential", "temp": 27.3, "co2": 1740.0}
{"time": "2026-03-02T13:20:15", "stage": "Peak", "temp": 27.4, "co2": 7855.0}
{"time": "2026-03-02T15:22:12", "stage": "Decline", "temp": 27.9, "co2": 18058.0}
{"time": "2026-03-02T20:15:57", "stage": "Exponential", "temp": 26.8, "co2": 2251.0}
{"time": "2026-03-02T22:57:08", "stage": "Peak", "temp": 25.5, "co2": 2855.0}
{"time": "2026-03-03T00:58:58", "stage": "Decline", "temp": 25.3, "co2": 7294.0}
{"time": "2026-02-19T15:55:05", "stage": "Exponential", "temp": 34.1, "co2": 1921.0}
{"time": "2026-02-19T17:02:40", "stage": "Peak", "temp": 34.2, "co2": 6674.0}
{"time": "2026-02-19T19:04:10", "stage": "Decline", "temp": 34.4, "co2": 20528.0}
{"time": "2026-02-24T16:54:12", "stage": "Exponential", "temp": 33.7, "co2": 3408.0}
{"time": "2026-02-24T17:57:31", "stage": "Peak", "temp": 34.3, "co2": 8418.0}
{"time": "2026-02-24T19:58:48", "stage": "Decline", "temp": 34.6, "co2": 19347.0}
{"time": "2026-02-24T23:19:27", "stage": "Exponential", "temp": 33.9, "co2": 3428.0}
{"time": "2026-02-25T00:17:43", "stage": "Peak", "temp": 34.3, "co2": 22211.0}
{"time": "2026-02-25T02:19:04", "stage": "Decline", "temp": 34.5, "co2": 28763.0}
{"time": "2026-02-25T16:50:21", "stage": "Exponential", "temp": 34.1, "co2": 2845.0}
{"time": "2026-02-25T17:59:49", "stage": "Peak", "temp": 34.4, "co2": 12661.0}
{"time": "2026-02-25T20:01:13", "stage": "Decline", "temp": 34.5, "co2": 28834.0}
{"time": "2026-02-25T23:54:43", "stage": "Exponential", "temp": 33.6, "co2": 3303.0}
{"time": "2026-02-26T01:12:40", "stage": "Peak", "temp": 34.1, "co2": 15997.0}
{"time": "2026-02-26T03:14:05", "stage": "Decline", "temp": 34.3, "co2": 31330.0}
{"time": "2026-02-26T16:52:53", "stage": "Exponential", "temp": 33.7, "co2": 3125.0}
{"time": "2026-02-26T18:10:21", "stage": "Peak", "temp": 34.3, "co2": 7566.0}
{"time": "2026-02-26T20:11:40", "stage": "Decline", "temp": 34.5, "co2": 11688.0}
{"time": "2026-02-27T22:52:50", "stage": "Exponential", "temp": 30.7, "co2": 1184.0}
{"time": "2026-02-28T00:30:38", "stage": "Peak", "temp": 30.9, "co2": 10500.0}
{"time": "2026-02-28T02:32:38", "stage": "Decline", "temp": 31.1, "co2": 13266.0}
{"time": "2026-03-01T00:54:56", "stage": "Exponential", "temp": 29.5, "co2": 1698.0}
{"time": "2026-03-01T02:47:53", "stage": "Peak", "temp": 29.2, "co2": 7128.0}
{"time": "2026-03-01T04:49:54", "stage": "Decline", "temp": 28.6, "co2": 12243.0}
{"time": "2026-03-01T13:04:12", "stage": "Exponential", "temp": 28.3, "co2": 2004.0}
{"time": "2026-03-01T16:35:08", "stage": "Peak", "temp": 28.4, "co2": 3895.0}
{"time": "2026-03-01T18:36:53", "stage": "Decline", "temp": 30.6, "co2": 10000.0}
{"time": "2026-03-01T23:34:38", "stage": "Exponential", "temp": 28.2, "co2": 1849.0}
{"time": "2026-03-02T01:14:25", "stage": "Peak", "temp": 28.0, "co2": 2287.0}
{"time": "2026-03-02T03:16:24", "stage": "Decline", "temp": 27.8, "co2": 8911.0}
{"time": "2026-03-02T10:55:07", "stage": "Exponential", "temp": 27.3, "co2": 1735.0}
{"time": "2026-03-02T12:51:03", "stage": "Peak", "temp": 27.3, "co2": 3956.0}
{"time": "2026-03-02T14:52:57", "stage": "Decline", "temp": 28.1, "co2": 9772.0}
{"time": "2026-02-19T15:55:05", "stage": "Exponential", "temp": 34.1, "co2": 1921.0}
{"time": "2026-02-19T16:59:39", "stage": "Peak", "temp": 34.2, "co2": 5371.0}
{"time": "2026-02-19T19:01:10", "stage": "Decline", "temp": 34.4, "co2": 17588.0}
{"time": "2026-02-24T16:54:12", "stage": "Exponential", "temp": 33.7, "co2": 3408.0}
{"time": "2026-02-24T17:57:31", "stage": "Peak", "temp": 34.3, "co2": 8418.0}
{"time": "2026-02-24T19:05:41", "stage": "Decline", "temp": 34.5, "co2": 36545.0}
{"time": "2026-02-24T23:19:27", "stage": "Exponential", "temp": 33.9, "co2": 3428.0}
{"time": "2026-02-25T00:19:43", "stage": "Peak", "temp": 34.3, "co2": 23466.0}
{"time": "2026-02-25T01:29:53", "stage": "Decline", "temp": 34.5, "co2": 39852.0}
{"time": "2026-02-25T16:52:23", "stage": "Exponential", "temp": 34.2, "co2": 2874.0}
{"time": "2026-02-25T18:08:50", "stage": "Peak", "temp": 34.5, "co2": 12639.0}
{"time": "2026-02-25T19:15:04", "stage": "Decline", "temp": 34.5, "co2": 25887.0}
{"time": "2026-02-26T00:01:46", "stage": "Exponential", "temp": 33.9, "co2": 3606.0}
{"time": "2026-02-26T01:16:40", "stage": "Peak", "temp": 34.1, "co2": 11311.0}
{"time": "2026-02-26T02:44:00", "stage": "Decline", "temp": 34.3, "co2": 35671.0}
{"time": "2026-02-26T16:58:55", "stage": "Exponential", "temp": 33.8, "co2": 3225.0}
{"time": "2026-02-26T18:09:21", "stage": "Peak", "temp": 34.2, "co2": 8964.0}
{"time": "2026-02-26T19:53:36", "stage": "Decline", "temp": 34.3, "co2": 31253.0}
{"time": "2026-02-27T22:52:50", "stage": "Exponential", "temp": 30.7, "co2": 1184.0}
{"time": "2026-02-28T00:27:36", "stage": "Peak", "temp": 30.9, "co2": 6864.0}
{"time": "2026-02-28T02:27:35", "stage": "Decline", "temp": 31.1, "co2": 18727.0}
{"time": "2026-03-01T01:26:09", "stage": "Exponential", "temp": 29.7, "co2": 1796.0}
{"time": "2026-03-01T03:13:06", "stage": "Peak", "temp": 29.1, "co2": 17938.0}
{"time": "2026-03-01T03:30:14", "stage": "Decline", "temp": 29.0, "co2": 14667.0}
{"time": "2026-03-01T13:44:32", "stage": "Exponential", "temp": 28.4, "co2": 1845.0}
{"time": "2026-03-01T16:39:09", "stage": "Peak", "temp": 28.4, "co2": 7923.0}
{"time": "2026-03-01T18:51:58", "stage": "Decline", "temp": 30.5, "co2": 16424.0}
{"time": "2026-03-02T00:32:05", "stage": "Exponential", "temp": 28.1, "co2": 2244.0}
{"time": "2026-03-02T01:14:25", "stage": "Peak", "temp": 28.0, "co2": 2287.0}
{"time": "2026-03-02T01:34:34", "stage": "Decline", "temp": 27.9, "co2": 14141.0}
{"time": "2026-03-02T11:16:17", "stage": "Exponential", "temp": 27.4, "co2": 1806.0}
{"time": "2026-03-02T13:07:11", "stage": "Peak", "temp": 27.4, "co2": 2227.0}
{"time": "2026-03-02T13:52:28", "stage": "Decline", "temp": 27.7, "co2": 18076.0}
{"time": "2026-02-19T16:04:47", "stage": "Exponential", "temp": 34.0, "co2": 1925.0}
{"time": "2026-02-19T17:04:40", "stage": "Peak", "temp": 34.2, "co2": 6233.0}
{"time": "2026-02-19T18:26:58", "stage": "Decline", "temp": 34.3, "co2": 28552.0}
{"time": "2026-02-24T16:54:12", "stage": "Exponential", "temp": 33.7, "co2": 3408.0}
{"time": "2026-02-24T17:55:31", "stage": "Peak", "temp": 34.3, "co2": 7152.0}
{"time": "2026-02-24T19:04:40", "stage": "Decline", "temp": 34.6, "co2": 35891.0}
{"time": "2026-02-24T23:19:27", "stage": "Exponential", "temp": 33.9, "co2": 3428.0}
{"time": "2026-02-25T00:17:43", "stage": "Peak", "temp": 34.3, "co2": 22211.0}
{"time": "2026-02-25T01:29:53", "stage": "Decline", "temp": 34.5, "co2": 39852.0}
{"time": "2026-02-25T10:24:51", "stage": "Exponential", "temp": 33.9, "co2": 3008.0}
{"time": "2026-02-25T11:35:12", "stage": "Peak", "temp": 34.3, "co2": 10447.0}
{"time": "2026-02-25T12:53:46", "stage": "Decline", "temp": 34.5, "co2": 33189.0}
{"time": "2026-02-25T16:53:23", "stage": "Exponential", "temp": 34.2, "co2": 2900.0}
{"time": "2026-02-25T18:09:50", "stage": "Peak", "temp": 34.5, "co2": 11917.0}
{"time": "2026-02-25T19:15:04", "stage": "Decline", "temp": 34.5, "co2": 25887.0}
{"time": "2026-02-25T23:59:45", "stage": "Exponential", "temp": 33.8, "co2": 3582.0}
{"time": "2026-02-26T01:18:40", "stage": "Peak", "temp": 34.1, "co2": 10822.0}
{"time": "2026-02-26T01:52:45", "stage": "Decline", "temp": 34.2, "co2": 36866.0}
{"time": "2026-02-26T16:57:55", "stage": "Exponential", "temp": 33.8, "co2": 3225.0}
{"time": "2026-02-26T18:12:21", "stage": "Peak", "temp": 34.2, "co2": 6754.0}
{"time": "2026-02-26T19:13:31", "stage": "Decline", "temp": 34.2, "co2": 11885.0}
{"time": "2026-02-27T14:39:29", "stage": "Exponential", "temp": 32.6, "co2": 2054.0}
{"time": "2026-02-27T16:03:03", "stage": "Peak", "temp": 31.6, "co2": 9038.0}
{"time": "2026-02-27T22:52:50", "stage": "Exponential", "temp": 30.7, "co2": 1184.0}
{"time": "2026-02-28T00:20:33", "stage": "Peak", "temp": 31.0, "co2": 5316.0}
{"time": "2026-02-28T01:53:17", "stage": "Decline", "temp": 31.1, "co2": 13019.0}
{"time": "2026-02-28T16:46:53", "stage": "Exponential", "temp": 30.3, "co2": 623.0}
{"time": "2026-02-28T18:23:28", "stage": "Peak", "temp": 30.8, "co2": 10381.0}
{"time": "2026-02-28T18:53:39", "stage": "Decline", "temp": 31.0, "co2": 14913.0}
{"time": "2026-03-01T01:30:11", "stage": "Exponential", "temp": 29.7, "co2": 1816.0}
{"time": "2026-03-01T03:13:06", "stage": "Peak", "temp": 29.1, "co2": 17938.0}
{"time": "2026-03-01T03:30:14", "stage": "Decline", "temp": 29.0, "co2": 14667.0}
{"time": "2026-03-01T14:12:45", "stage": "Exponential", "temp": 28.5, "co2": 1713.0}
{"time": "2026-03-01T16:44:10", "stage": "Peak", "temp": 28.5, "co2": 8628.0}
{"time": "2026-03-01T16:57:12", "stage": "Decline", "temp": 28.5, "co2": 8474.0}
{"time": "2026-03-02T00:25:02", "stage": "Exponential", "temp": 28.1, "co2": 2257.0}
{"time": "2026-03-02T01:29:31", "stage": "Peak", "temp": 28.0, "co2": 8339.0}
{"time": "2026-03-02T01:34:34", "stage": "Decline", "temp": 27.9, "co2": 14141.0}
{"time": "2026-03-02T11:10:14", "stage": "Exponential", "temp": 27.3, "co2": 1867.0}
{"time": "2026-03-02T13:27:19", "stage": "Peak", "temp": 27.5, "co2": 9676.0}
{"time": "2026-03-02T13:48:26", "stage": "Decline", "temp": 27.7, "co2": 23442.0}
{"time": "2026-03-02T21:06:20", "stage": "Exponential", "temp": 26.7, "co2": 1865.0}
{"time": "2026-03-02T23:39:25", "stage": "Peak", "temp": 25.3, "co2": 7952.0}
{"time": "2026-03-02T23:53:31", "stage": "Decline", "temp": 25.3, "co2": 7921.0}
{"time": "2026-02-19T16:05:48", "stage": "Exponential", "temp": 34.0, "co2": 1953.0}
{"time": "2026-02-19T17:04:40", "stage": "Peak", "temp": 34.2, "co2": 6233.0}
{"time": "2026-02-19T18:37:02", "stage": "Decline", "temp": 34.4, "co2": 30964.0}
{"time": "2026-02-24T16:54:12", "stage": "Exponential", "temp": 33.7, "co2": 3408.0}
{"time": "2026-02-24T17:55:31", "stage": "Peak", "temp": 34.3, "co2": 7152.0}
{"time": "2026-02-24T19:04:40", "stage": "Decline", "temp": 34.6, "co2": 35891.0}
{"time": "2026-02-24T23:19:27", "stage": "Exponential", "temp": 33.9, "co2": 3428.0}
{"time": "2026-02-25T00:17:43", "stage": "Peak", "temp": 34.3, "co2": 22211.0}
{"time": "2026-02-25T01:29:53", "stage": "Decline", "temp": 34.5, "co2": 39852.0}
{"time": "2026-02-25T10:24:51", "stage": "Exponential", "temp": 33.9, "co2": 3008.0}
{"time": "2026-02-25T11:35:12", "stage": "Peak", "temp": 34.3, "co2": 10447.0}
{"time": "2026-02-25T12:53:46", "stage": "Decline", "temp": 34.5, "co2": 33189.0}
{"time": "2026-02-25T16:53:23", "stage": "Exponential", "temp": 34.2, "co2": 2900.0}
{"time": "2026-02-25T18:09:50", "stage": "Peak", "temp": 34.5, "co2": 11917.0}
{"time": "2026-02-25T19:15:04", "stage": "Decline", "temp": 34.5, "co2": 25887.0}
{"time": "2026-02-25T23:59:45", "stage": "Exponential", "temp": 33.8, "co2": 3582.0}
{"time": "2026-02-26T01:18:40", "stage": "Peak", "temp": 34.1, "co2": 10822.0}
{"time": "2026-02-26T01:52:45", "stage": "Decline", "temp": 34.2, "co2": 36866.0}
{"time": "2026-02-26T16:57:55", "stage": "Exponential", "temp": 33.8, "co2": 3225.0}
{"time": "2026-02-26T18:12:21", "stage": "Peak", "temp": 34.2, "co2": 6754.0}
{"time": "2026-02-26T19:13:31", "stage": "Decline", "temp": 34.2, "co2": 11885.0}
{"time": "2026-02-27T14:39:29", "stage": "Exponential", "temp": 32.6, "co2": 2054.0}
{"time": "2026-02-27T16:03:03", "stage": "Peak", "temp": 31.6, "co2": 9038.0}
{"time": "2026-02-27T22:52:50", "stage": "Exponential", "temp": 30.7, "co2": 1184.0}
{"time": "2026-02-28T00:20:33", "stage": "Peak", "temp": 31.0, "co2": 5316.0}
{"time": "2026-02-28T01:53:17", "stage": "Decline", "temp": 31.1, "co2": 13019.0}
{"time": "2026-02-28T16:46:53", "stage": "Exponential", "temp": 30.3, "co2": 623.0}
{"time": "2026-02-28T18:23:28", "stage": "Peak", "temp": 30.8, "co2": 10381.0}
{"time": "2026-02-28T18:53:39", "stage": "Decline", "temp": 31.0, "co2": 14913.0}
{"time": "2026-03-01T01:30:11", "stage": "Exponential", "temp": 29.7, "co2": 1816.0}
{"time": "2026-03-01T03:13:06", "stage": "Peak", "temp": 29.1, "co2": 17938.0}
{"time": "2026-03-01T03:30:14", "stage": "Decline", "temp": 29.0, "co2": 14667.0}
{"time": "2026-03-01T14:12:45", "stage": "Exponential", "temp": 28.5, "co2": 1713.0}
{"time": "2026-03-01T16:44:10", "stage": "Peak", "temp": 28.5, "co2": 8628.0}
{"time": "2026-03-01T16:57:12", "stage": "Decline", "temp": 28.5, "co2": 8474.0}
{"time": "2026-03-02T00:25:02", "stage": "Exponential", "temp": 28.1, "co2": 2257.0}
{"time": "2026-03-02T01:29:31", "stage": "Peak", "temp": 28.0, "co2": 8339.0}
{"time": "2026-03-02T01:34:34", "stage": "Decline", "temp": 27.9, "co2": 14141.0}
{"time": "2026-03-02T11:10:14", "stage": "Exponential", "temp": 27.3, "co2": 1867.0}
{"time": "2026-03-02T13:27:19", "stage": "Peak", "temp": 27.5, "co2": 9676.0}
{"time": "2026-03-02T13:48:26", "stage": "Decline", "temp": 27.7, "co2": 23442.0}
{"time": "2026-03-02T21:06:20", "stage": "Exponential", "temp": 26.7, "co2": 1865.0}
{"time": "2026-03-02T23:39:25", "stage": "Peak", "temp": 25.3, "co2": 7952.0}
{"time": "2026-03-02T23:53:31", "stage": "Decline", "temp": 25.3, "co2": 7921.0}
{"time": "2026-02-19T16:05:48", "stage": "Exponential", "temp": 34.0, "co2": 1953.0}
{"time": "2026-02-19T17:04:40", "stage": "Peak", "temp": 34.2, "co2": 6233.0}
{"time": "2026-02-19T18:37:02", "stage": "Decline", "temp": 34.4, "co2": 30964.0}
{"time": "2026-02-24T16:54:12", "stage": "Exponential", "temp": 33.7, "co2": 3408.0}
{"time": "2026-02-24T17:49:30", "stage": "Peak", "temp": 34.3, "co2": 4120.0}
{"time": "2026-02-24T18:58:40", "stage": "Decline", "temp": 34.5, "co2": 36858.0}
{"time": "2026-02-24T23:19:27", "stage": "Exponential", "temp": 33.9, "co2": 3428.0}
{"time": "2026-02-25T00:11:42", "stage": "Peak", "temp": 34.2, "co2": 10628.0}
{"time": "2026-02-25T01:29:53", "stage": "Decline", "temp": 34.5, "co2": 39852.0}
{"time": "2026-02-25T10:24:51", "stage": "Exponential", "temp": 33.9, "co2": 3008.0}
{"time": "2026-02-25T11:38:12", "stage": "Peak", "temp": 34.3, "co2": 15489.0}
{"time": "2026-02-25T12:51:45", "stage": "Decline", "temp": 34.4, "co2": 38649.0}
{"time": "2026-02-25T16:53:23", "stage": "Exponential", "temp": 34.2, "co2": 2900.0}
{"time": "2026-02-25T18:06:50", "stage": "Peak", "temp": 34.5, "co2": 14056.0}
{"time": "2026-02-25T18:41:59", "stage": "Decline", "temp": 34.6, "co2": 27846.0}
{"time": "2026-02-25T23:59:45", "stage": "Exponential", "temp": 33.8, "co2": 3582.0}
{"time": "2026-02-26T01:14:40", "stage": "Peak", "temp": 34.1, "co2": 12634.0}
{"time": "2026-02-26T01:52:45", "stage": "Decline", "temp": 34.2, "co2": 36866.0}
{"time": "2026-02-26T16:56:55", "stage": "Exponential", "temp": 33.7, "co2": 3219.0}
{"time": "2026-02-26T18:15:22", "stage": "Peak", "temp": 34.3, "co2": 8800.0}
{"time": "2026-02-26T19:05:30", "stage": "Decline", "temp": 34.3, "co2": 25375.0}
{"time": "2026-02-27T14:39:29", "stage": "Exponential", "temp": 32.6, "co2": 2054.0}
{"time": "2026-02-27T16:03:03", "stage": "Peak", "temp": 31.6, "co2": 9038.0}
{"time": "2026-02-27T17:20:36", "stage": "Decline", "temp": 31.7, "co2": 18941.0}
{"time": "2026-02-27T22:52:50", "stage": "Exponential", "temp": 30.7, "co2": 1184.0}
{"time": "2026-02-28T00:16:31", "stage": "Peak", "temp": 31.1, "co2": 3465.0}
{"time": "2026-02-28T01:33:07", "stage": "Decline", "temp": 31.0, "co2": 25320.0}
{"time": "2026-02-28T16:46:53", "stage": "Exponential", "temp": 30.3, "co2": 623.0}
{"time": "2026-02-28T18:23:28", "stage": "Peak", "temp": 30.8, "co2": 10381.0}
{"time": "2026-02-28T18:44:36", "stage": "Decline", "temp": 31.0, "co2": 18794.0}
{"time": "2026-03-01T01:31:12", "stage": "Exponential", "temp": 29.7, "co2": 1818.0}
{"time": "2026-03-01T02:46:53", "stage": "Peak", "temp": 29.2, "co2": 8190.0}
{"time": "2026-03-01T03:26:12", "stage": "Decline", "temp": 29.0, "co2": 16715.0}
{"time": "2026-03-01T13:58:39", "stage": "Exponential", "temp": 28.5, "co2": 1770.0}
{"time": "2026-03-01T16:24:06", "stage": "Peak", "temp": 28.4, "co2": 2102.0}
{"time": "2026-03-01T16:57:12", "stage": "Decline", "temp": 28.5, "co2": 8474.0}
{"time": "2026-03-02T00:26:02", "stage": "Exponential", "temp": 28.1, "co2": 2248.0}
{"time": "2026-03-02T01:14:25", "stage": "Decline", "temp": 28.0, "co2": 2287.0}
{"time": "2026-03-02T11:10:14", "stage": "Exponential", "temp": 27.3, "co2": 1867.0}
{"time": "2026-03-02T12:51:03", "stage": "Peak", "temp": 27.3, "co2": 3956.0}
{"time": "2026-03-02T13:40:23", "stage": "Decline", "temp": 27.6, "co2": 7413.0}
{"time": "2026-03-02T21:06:20", "stage": "Exponential", "temp": 26.7, "co2": 1865.0}
{"time": "2026-03-02T23:49:29", "stage": "Peak", "temp": 25.3, "co2": 11227.0}
{"time": "2026-03-02T23:51:30", "stage": "Decline", "temp": 25.3, "co2": 8825.0}
{"time": "2026-02-19T16:01:41", "stage": "Exponential", "temp": 34.0, "co2": 1924.0}
{"time": "2026-02-19T17:09:45", "stage": "Peak", "temp": 34.1, "co2": 15042.0}
{"time": "2026-02-19T18:37:02", "stage": "Decline", "temp": 34.4, "co2": 30964.0}
{"time": "2026-02-24T16:54:12", "stage": "Exponential", "temp": 33.7, "co2": 3408.0}
{"time": "2026-02-24T17:57:31", "stage": "Peak", "temp": 34.3, "co2": 8418.0}
{"time": "2026-02-24T19:04:40", "stage": "Decline", "temp": 34.6, "co2": 35891.0}
{"time": "2026-02-24T23:19:27", "stage": "Exponential", "temp": 33.9, "co2": 3428.0}
{"time": "2026-02-25T00:14:42", "stage": "Peak", "temp": 34.2, "co2": 9924.0}
{"time": "2026-02-25T01:28:53", "stage": "Decline", "temp": 34.5, "co2": 33355.0}
{"time": "2026-02-25T10:26:52", "stage": "Exponential", "temp": 33.9, "co2": 3088.0}
{"time": "2026-02-25T11:35:12", "stage": "Peak", "temp": 34.3, "co2": 10447.0}
{"time": "2026-02-25T13:05:52", "stage": "Decline", "temp": 34.4, "co2": 29731.0}
{"time": "2026-02-25T16:53:23", "stage": "Exponential", "temp": 34.2, "co2": 2900.0}
{"time": "2026-02-25T17:59:49", "stage": "Peak", "temp": 34.4, "co2": 12661.0}
{"time": "2026-02-25T18:32:56", "stage": "Decline", "temp": 34.5, "co2": 29418.0}
{"time": "2026-02-25T23:57:44", "stage": "Exponential", "temp": 33.8, "co2": 3500.0}
{"time": "2026-02-26T01:10:39", "stage": "Peak", "temp": 34.1, "co2": 11005.0}
{"time": "2026-02-26T01:52:45", "stage": "Decline", "temp": 34.2, "co2": 36866.0}
{"time": "2026-02-26T16:52:53", "stage": "Exponential", "temp": 33.7, "co2": 3125.0}
{"time": "2026-02-26T18:12:21", "stage": "Peak", "temp": 34.2, "co2": 6754.0}
{"time": "2026-02-26T19:42:35", "stage": "Decline", "temp": 34.5, "co2": 33778.0}
{"time": "2026-02-27T14:40:30", "stage": "Exponential", "temp": 32.5, "co2": 2053.0}
{"time": "2026-02-27T15:44:58", "stage": "Peak", "temp": 31.5, "co2": 7673.0}
{"time": "2026-02-27T17:46:49", "stage": "Decline", "temp": 31.5, "co2": 29989.0}
{"time": "2026-02-27T22:52:50", "stage": "Exponential", "temp": 30.7, "co2": 1184.0}
{"time": "2026-02-28T00:16:31", "stage": "Peak", "temp": 31.1, "co2": 3465.0}
{"time": "2026-02-28T02:28:36", "stage": "Decline", "temp": 31.1, "co2": 19325.0}
{"time": "2026-02-28T16:46:53", "stage": "Exponential", "temp": 30.3, "co2": 623.0}
{"time": "2026-02-28T18:23:28", "stage": "Peak", "temp": 30.8, "co2": 10381.0}
{"time": "2026-02-28T18:42:35", "stage": "Decline", "temp": 31.0, "co2": 21120.0}
{"time": "2026-03-01T01:20:06", "stage": "Exponential", "temp": 29.7, "co2": 1781.0}
{"time": "2026-03-01T02:42:51", "stage": "Peak", "temp": 29.2, "co2": 3333.0}
{"time": "2026-03-01T04:43:51", "stage": "Decline", "temp": 28.7, "co2": 14707.0}
{"time": "2026-03-01T13:44:32", "stage": "Exponential", "temp": 28.4, "co2": 1845.0}
{"time": "2026-03-01T16:39:09", "stage": "Peak", "temp": 28.4, "co2": 7923.0}
{"time": "2026-03-01T17:02:15", "stage": "Decline", "temp": 28.5, "co2": 13182.0}
{"time": "2026-03-02T00:18:59", "stage": "Exponential", "temp": 28.1, "co2": 2262.0}
{"time": "2026-03-02T01:18:27", "stage": "Peak", "temp": 28.0, "co2": 3615.0}
{"time": "2026-03-02T01:34:34", "stage": "Decline", "temp": 27.9, "co2": 14141.0}
{"time": "2026-03-02T11:03:11", "stage": "Exponential", "temp": 27.4, "co2": 1802.0}
{"time": "2026-03-02T12:58:08", "stage": "Peak", "temp": 27.3, "co2": 2792.0}
{"time": "2026-03-02T15:00:01", "stage": "Decline", "temp": 28.0, "co2": 7720.0}
{"time": "2026-03-02T20:52:14", "stage": "Exponential", "temp": 26.9, "co2": 1908.0}
{"time": "2026-03-02T23:06:13", "stage": "Peak", "temp": 25.4, "co2": 3937.0}
{"time": "2026-03-03T01:08:02", "stage": "Decline", "temp": 25.4, "co2": 8238.0}
{"time": "2026-02-19T15:55:05", "stage": "Exponential", "temp": 34.1, "co2": 1921.0}
{"time": "2026-02-19T17:07:41", "stage": "Peak", "temp": 34.2, "co2": 10229.0}
{"time": "2026-02-19T17:52:48", "stage": "Decline", "temp": 34.3, "co2": 22714.0}
{"time": "2026-02-24T16:54:12", "stage": "Exponential", "temp": 33.7, "co2": 3408.0}
{"time": "2026-02-24T17:49:30", "stage": "Peak", "temp": 34.3, "co2": 4120.0}
{"time": "2026-02-24T18:58:40", "stage": "Decline", "temp": 34.5, "co2": 36858.0}
{"time": "2026-02-24T23:19:27", "stage": "Exponential", "temp": 33.9, "co2": 3428.0}
{"time": "2026-02-25T00:11:42", "stage": "Peak", "temp": 34.2, "co2": 10628.0}
{"time": "2026-02-25T01:29:53", "stage": "Decline", "temp": 34.5, "co2": 39852.0}
{"time": "2026-02-25T10:24:51", "stage": "Exponential", "temp": 33.9, "co2": 3008.0}
{"time": "2026-02-25T11:38:12", "stage": "Peak", "temp": 34.3, "co2": 15489.0}
{"time": "2026-02-25T12:51:45", "stage": "Decline", "temp": 34.4, "co2": 38649.0}
{"time": "2026-02-25T16:53:23", "stage": "Exponential", "temp": 34.2, "co2": 2900.0}
{"time": "2026-02-25T18:06:50", "stage": "Peak", "temp": 34.5, "co2": 14056.0}
{"time": "2026-02-25T18:41:59", "stage": "Decline", "temp": 34.6, "co2": 27846.0}
{"time": "2026-02-25T23:59:45", "stage": "Exponential", "temp": 33.8, "co2": 3582.0}
{"time": "2026-02-26T01:14:40", "stage": "Peak", "temp": 34.1, "co2": 12634.0}
{"time": "2026-02-26T01:52:45", "stage": "Decline", "temp": 34.2, "co2": 36866.0}
{"time": "2026-02-26T16:56:55", "stage": "Exponential", "temp": 33.7, "co2": 3219.0}
{"time": "2026-02-26T18:15:22", "stage": "Peak", "temp": 34.3, "co2": 8800.0}
{"time": "2026-02-26T19:05:30", "stage": "Decline", "temp": 34.3, "co2": 25375.0}
{"time": "2026-02-27T14:39:29", "stage": "Exponential", "temp": 32.6, "co2": 2054.0}
{"time": "2026-02-27T16:03:03", "stage": "Peak", "temp": 31.6, "co2": 9038.0}
{"time": "2026-02-27T17:20:36", "stage": "Decline", "temp": 31.7, "co2": 18941.0}
{"time": "2026-02-27T22:52:50", "stage": "Exponential", "temp": 30.7, "co2": 1184.0}
{"time": "2026-02-28T00:16:31", "stage": "Peak", "temp": 31.1, "co2": 3465.0}
{"time": "2026-02-28T01:33:07", "stage": "Decline", "temp": 31.0, "co2": 25320.0}
{"time": "2026-02-28T16:46:53", "stage": "Exponential", "temp": 30.3, "co2": 623.0}
{"time": "2026-02-28T18:23:28", "stage": "Peak", "temp": 30.8, "co2": 10381.0}
{"time": "2026-02-28T18:44:36", "stage": "Decline", "temp": 31.0, "co2": 18794.0}
{"time": "2026-03-01T01:31:12", "stage": "Exponential", "temp": 29.7, "co2": 1818.0}
{"time": "2026-03-01T02:46:53", "stage": "Peak", "temp": 29.2, "co2": 8190.0}
{"time": "2026-03-01T03:26:12", "stage": "Decline", "temp": 29.0, "co2": 16715.0}
{"time": "2026-03-01T13:58:39", "stage": "Exponential", "temp": 28.5, "co2": 1770.0}
{"time": "2026-03-01T16:24:06", "stage": "Peak", "temp": 28.4, "co2": 2102.0}
{"time": "2026-03-01T16:57:12", "stage": "Decline", "temp": 28.5, "co2": 8474.0}
{"time": "2026-03-02T00:26:02", "stage": "Exponential", "temp": 28.1, "co2": 2248.0}
{"time": "2026-03-02T01:14:25", "stage": "Decline", "temp": 28.0, "co2": 2287.0}
{"time": "2026-03-02T11:10:14", "stage": "Exponential", "temp": 27.3, "co2": 1867.0}
{"time": "2026-03-02T12:51:03", "stage": "Peak", "temp": 27.3, "co2": 3956.0}
{"time": "2026-03-02T13:40:23", "stage": "Decline", "temp": 27.6, "co2": 7413.0}
{"time": "2026-03-02T21:06:20", "stage": "Exponential", "temp": 26.7, "co2": 1865.0}
{"time": "2026-03-02T23:49:29", "stage": "Peak", "temp": 25.3, "co2": 11227.0}
{"time": "2026-03-02T23:51:30", "stage": "Decline", "temp": 25.3, "co2": 8825.0}
{"time": "2026-02-19T16:01:41", "stage": "Exponential", "temp": 34.0, "co2": 1924.0}
{"time": "2026-02-19T17:09:45", "stage": "Peak", "temp": 34.1, "co2": 15042.0}
{"time": "2026-02-19T18:37:02", "stage": "Decline", "temp": 34.4, "co2": 30964.0}
{"time": "2026-02-24T16:54:12", "stage": "Exponential", "temp": 33.7, "co2": 3408.0}
{"time": "2026-02-24T17:54:31", "stage": "Peak", "temp": 34.3, "co2": 5044.0}
{"time": "2026-02-24T19:42:46", "stage": "Decline", "temp": 34.5, "co2": 33754.0}
{"time": "2026-02-24T23:19:27", "stage": "Exponential", "temp": 33.9, "co2": 3428.0}
{"time": "2026-02-25T00:12:42", "stage": "Peak", "temp": 34.2, "co2": 10861.0}
{"time": "2026-02-25T02:14:02", "stage": "Decline", "temp": 34.5, "co2": 39749.0}
{"time": "2026-02-25T10:14:46", "stage": "Exponential", "temp": 33.7, "co2": 2901.0}
{"time": "2026-02-25T11:35:12", "stage": "Peak", "temp": 34.3, "co2": 10447.0}
{"time": "2026-02-25T13:00:50", "stage": "Decline", "temp": 34.4, "co2": 28594.0}
{"time": "2026-02-25T16:50:21", "stage": "Exponential", "temp": 34.1, "co2": 2845.0}
{"time": "2026-02-25T17:53:48", "stage": "Peak", "temp": 34.4, "co2": 5618.0}
{"time": "2026-02-25T18:34:57", "stage": "Decline", "temp": 34.5, "co2": 24551.0}
{"time": "2026-02-25T23:54:43", "stage": "Exponential", "temp": 33.6, "co2": 3303.0}
{"time": "2026-02-26T01:10:39", "stage": "Peak", "temp": 34.1, "co2": 11005.0}
{"time": "2026-02-26T02:51:01", "stage": "Decline", "temp": 34.3, "co2": 31131.0}
{"time": "2026-02-26T16:52:53", "stage": "Exponential", "temp": 33.7, "co2": 3125.0}
{"time": "2026-02-26T18:14:21", "stage": "Peak", "temp": 34.3, "co2": 10304.0}
{"time": "2026-02-26T19:42:35", "stage": "Decline", "temp": 34.5, "co2": 33778.0}
{"time": "2026-02-27T14:34:27", "stage": "Exponential", "temp": 32.6, "co2": 2049.0}
{"time": "2026-02-27T15:44:58", "stage": "Peak", "temp": 31.5, "co2": 7673.0}
{"time": "2026-02-27T17:46:49", "stage": "Decline", "temp": 31.5, "co2": 29989.0}
{"time": "2026-02-27T22:52:50", "stage": "Exponential", "temp": 30.7, "co2": 1184.0}
{"time": "2026-02-28T00:23:35", "stage": "Peak", "temp": 31.0, "co2": 3861.0}
{"time": "2026-02-28T02:25:34", "stage": "Decline", "temp": 31.1, "co2": 14828.0}
{"time": "2026-02-28T16:30:45", "stage": "Exponential", "temp": 30.2, "co2": 531.0}
{"time": "2026-02-28T18:15:24", "stage": "Peak", "temp": 30.6, "co2": 6381.0}
{"time": "2026-02-28T19:39:14", "stage": "Decline", "temp": 30.7, "co2": 15767.0}
{"time": "2026-03-01T01:06:00", "stage": "Exponential", "temp": 29.7, "co2": 1738.0}
{"time": "2026-03-01T02:46:53", "stage": "Peak", "temp": 29.2, "co2": 8190.0}
{"time": "2026-03-01T04:47:53", "stage": "Decline", "temp": 28.6, "co2": 14947.0}
{"time": "2026-03-01T13:05:13", "stage": "Exponential", "temp": 28.3, "co2": 2003.0}
{"time": "2026-03-01T16:35:08", "stage": "Peak", "temp": 28.4, "co2": 3895.0}
{"time": "2026-03-01T17:19:21", "stage": "Decline", "temp": 28.8, "co2": 3424.0}
{"time": "2026-03-01T23:34:38", "stage": "Exponential", "temp": 28.2, "co2": 1849.0}
{"time": "2026-03-02T01:14:25", "stage": "Decline", "temp": 28.0, "co2": 2287.0}
{"time": "2026-03-02T10:24:53", "stage": "Exponential", "temp": 27.3, "co2": 1773.0}
{"time": "2026-03-02T12:52:04", "stage": "Peak", "temp": 27.3, "co2": 3529.0}
{"time": "2026-03-02T15:20:11", "stage": "Decline", "temp": 27.9, "co2": 19914.0}
{"time": "2026-03-02T20:47:12", "stage": "Exponential", "temp": 26.9, "co2": 1927.0}
{"time": "2026-03-02T22:57:08", "stage": "Peak", "temp": 25.5, "co2": 2855.0}
{"time": "2026-03-03T00:58:58", "stage": "Decline", "temp": 25.3, "co2": 7294.0}
{"time": "2026-02-19T15:55:05", "stage": "Exponential", "temp": 34.1, "co2": 1921.0}
{"time": "2026-02-19T17:02:40", "stage": "Peak", "temp": 34.2, "co2": 6674.0}
{"time": "2026-02-19T18:56:09", "stage": "Decline", "temp": 34.4, "co2": 26049.0}
{"time": "2026-02-24T16:54:12", "stage": "Exponential", "temp": 33.7, "co2": 3408.0}
{"time": "2026-02-24T17:55:31", "stage": "Peak", "temp": 34.3, "co2": 7152.0}
{"time": "2026-02-24T19:03:40", "stage": "Decline", "temp": 34.6, "co2": 36545.0}
{"time": "2026-02-24T23:19:27", "stage": "Exponential", "temp": 33.9, "co2": 3428.0}
{"time": "2026-02-25T00:17:43", "stage": "Peak", "temp": 34.3, "co2": 22211.0}
{"time": "2026-02-25T01:28:53", "stage": "Decline", "temp": 34.5, "co2": 33355.0}
{"time": "2026-02-25T10:24:51", "stage": "Exponential", "temp": 33.9, "co2": 3008.0}
{"time": "2026-02-25T11:35:12", "stage": "Peak", "temp": 34.3, "co2": 10447.0}
{"time": "2026-02-25T12:53:46", "stage": "Decline", "temp": 34.5, "co2": 33189.0}
{"time": "2026-02-25T16:53:23", "stage": "Exponential", "temp": 34.2, "co2": 2900.0}
{"time": "2026-02-25T18:09:50", "stage": "Peak", "temp": 34.5, "co2": 11917.0}
{"time": "2026-02-25T19:15:04", "stage": "Decline", "temp": 34.5, "co2": 25887.0}
{"time": "2026-02-25T23:59:45", "stage": "Exponential", "temp": 33.8, "co2": 3582.0}
{"time": "2026-02-26T01:17:40", "stage": "Peak", "temp": 34.1, "co2": 11141.0}
{"time": "2026-02-26T01:54:46", "stage": "Decline", "temp": 34.2, "co2": 26302.0}
{"time": "2026-02-26T16:54:54", "stage": "Exponential", "temp": 33.7, "co2": 3170.0}
{"time": "2026-02-26T18:12:21", "stage": "Peak", "temp": 34.2, "co2": 6754.0}
{"time": "2026-02-26T19:13:31", "stage": "Decline", "temp": 34.2, "co2": 11885.0}
{"time": "2026-02-27T14:39:29", "stage": "Exponential", "temp": 32.6, "co2": 2054.0}
{"time": "2026-02-27T16:03:03", "stage": "Peak", "temp": 31.6, "co2": 9038.0}
{"time": "2026-02-27T17:21:36", "stage": "Decline", "temp": 31.7, "co2": 17181.0}
{"time": "2026-02-27T22:52:50", "stage": "Exponential", "temp": 30.7, "co2": 1184.0}
{"time": "2026-02-28T00:20:33", "stage": "Peak", "temp": 31.0, "co2": 5316.0}
{"time": "2026-02-28T01:36:09", "stage": "Decline", "temp": 31.0, "co2": 22099.0}
{"time": "2026-02-28T16:46:53", "stage": "Exponential", "temp": 30.3, "co2": 623.0}
{"time": "2026-02-28T18:23:28", "stage": "Peak", "temp": 30.8, "co2": 10381.0}
{"time": "2026-02-28T18:53:39", "stage": "Decline", "temp": 31.0, "co2": 14913.0}
{"time": "2026-03-01T01:31:12", "stage": "Exponential", "temp": 29.7, "co2": 1818.0}
{"time": "2026-03-01T02:46:53", "stage": "Peak", "temp": 29.2, "co2": 8190.0}
{"time": "2026-03-01T03:30:14", "stage": "Decline", "temp": 29.0, "co2": 14667.0}
{"time": "2026-03-01T14:02:40", "stage": "Exponential", "temp": 28.5, "co2": 1757.0}
{"time": "2026-03-01T16:44:10", "stage": "Peak", "temp": 28.5, "co2": 8628.0}
{"time": "2026-03-01T17:00:14", "stage": "Decline", "temp": 28.5, "co2": 14620.0}
{"time": "2026-03-02T00:23:01", "stage": "Exponential", "temp": 28.1, "co2": 2253.0}
{"time": "2026-03-02T01:29:31", "stage": "Peak", "temp": 28.0, "co2": 8339.0}
{"time": "2026-03-02T01:56:44", "stage": "Decline", "temp": 27.9, "co2": 9910.0}
{"time": "2026-03-02T11:10:14", "stage": "Exponential", "temp": 27.3, "co2": 1867.0}
{"time": "2026-03-02T13:27:19", "stage": "Peak", "temp": 27.5, "co2": 9676.0}
{"time": "2026-03-02T13:47:26", "stage": "Decline", "temp": 27.7, "co2": 23442.0}
{"time": "2026-03-02T21:04:20", "stage": "Exponential", "temp": 26.7, "co2": 1865.0}
{"time": "2026-03-02T23:51:30", "stage": "Decline", "temp": 25.3, "co2": 8825.0}
{"time": "2026-02-19T16:01:41", "stage": "Exponential", "temp": 34.0, "co2": 1924.0}
{"time": "2026-02-19T17:04:40", "stage": "Peak", "temp": 34.2, "co2": 6233.0}
{"time": "2026-02-19T20:27:21", "stage": "Decline", "temp": 34.4, "co2": 14044.0}
{"time": "2026-02-24T16:54:12", "stage": "Exponential", "temp": 33.7, "co2": 3408.0}
{"time": "2026-02-24T17:57:31", "stage": "Peak", "temp": 34.3, "co2": 8418.0}
{"time": "2026-02-24T19:58:48", "stage": "Decline", "temp": 34.6, "co2": 19347.0}
{"time": "2026-02-24T23:19:27", "stage": "Exponential", "temp": 33.9, "co2": 3428.0}
{"time": "2026-02-25T00:19:43", "stage": "Peak", "temp": 34.3, "co2": 23466.0}
{"time": "2026-02-25T02:21:05", "stage": "Decline", "temp": 34.5, "co2": 22044.0}
{"time": "2026-02-25T10:14:46", "stage": "Exponential", "temp": 33.7, "co2": 2901.0}
{"time": "2026-02-25T11:35:12", "stage": "Peak", "temp": 34.3, "co2": 10447.0}
{"time": "2026-02-25T13:37:08", "stage": "Decline", "temp": 34.4, "co2": 21791.0}
{"time": "2026-02-25T16:50:21", "stage": "Exponential", "temp": 34.1, "co2": 2845.0}
{"time": "2026-02-25T17:45:47", "stage": "Peak", "temp": 34.4, "co2": 6607.0}
{"time": "2026-02-25T19:47:09", "stage": "Decline", "temp": 34.6, "co2": 35078.0}
{"time": "2026-02-25T23:54:43", "stage": "Exponential", "temp": 33.6, "co2": 3303.0}
{"time": "2026-02-26T01:12:40", "stage": "Peak", "temp": 34.1, "co2": 15997.0}
{"time": "2026-02-26T03:14:05", "stage": "Decline", "temp": 34.3, "co2": 31330.0}
{"time": "2026-02-26T16:46:51", "stage": "Exponential", "temp": 33.4, "co2": 3093.0}
{"time": "2026-02-26T18:15:22", "stage": "Peak", "temp": 34.3, "co2": 8800.0}
{"time": "2026-02-26T20:16:41", "stage": "Decline", "temp": 34.5, "co2": 10759.0}
{"time": "2026-02-27T14:34:27", "stage": "Exponential", "temp": 32.6, "co2": 2049.0}
{"time": "2026-02-27T15:44:58", "stage": "Peak", "temp": 31.5, "co2": 7673.0}
{"time": "2026-02-27T17:46:49", "stage": "Decline", "temp": 31.5, "co2": 29989.0}
{"time": "2026-02-27T22:52:50", "stage": "Exponential", "temp": 30.7, "co2": 1184.0}
{"time": "2026-02-28T00:23:35", "stage": "Peak", "temp": 31.0, "co2": 3861.0}
{"time": "2026-02-28T02:25:34", "stage": "Decline", "temp": 31.1, "co2": 14828.0}
{"time": "2026-02-28T16:29:45", "stage": "Exponential", "temp": 30.2, "co2": 525.0}
{"time": "2026-02-28T18:16:24", "stage": "Peak", "temp": 30.6, "co2": 6729.0}
{"time": "2026-02-28T20:17:34", "stage": "Decline", "temp": 31.2, "co2": 15037.0}
{"time": "2026-03-01T01:06:00", "stage": "Exponential", "temp": 29.7, "co2": 1738.0}
{"time": "2026-03-01T02:46:53", "stage": "Peak", "temp": 29.2, "co2": 8190.0}
{"time": "2026-03-01T04:47:53", "stage": "Decline", "temp": 28.6, "co2": 14947.0}
{"time": "2026-03-01T13:08:14", "stage": "Exponential", "temp": 28.3, "co2": 1986.0}
{"time": "2026-03-01T16:35:08", "stage": "Peak", "temp": 28.4, "co2": 3895.0}
{"time": "2026-03-01T18:36:53", "stage": "Decline", "temp": 30.6, "co2": 10000.0}
{"time": "2026-03-01T23:34:38", "stage": "Exponential", "temp": 28.2, "co2": 1849.0}
{"time": "2026-03-02T01:14:25", "stage": "Peak", "temp": 28.0, "co2": 2287.0}
{"time": "2026-03-02T03:04:18", "stage": "Decline", "temp": 27.8, "co2": 16907.0}
{"time": "2026-03-02T10:40:00", "stage": "Exponential", "temp": 27.3, "co2": 1740.0}
{"time": "2026-03-02T13:20:15", "stage": "Peak", "temp": 27.4, "co2": 7855.0}
{"time": "2026-03-02T15:22:12", "stage": "Decline", "temp": 27.9, "co2": 18058.0}
{"time": "2026-03-02T20:35:06", "stage": "Exponential", "temp": 26.9, "co2": 2198.0}
{"time": "2026-03-02T22:57:08", "stage": "Peak", "temp": 25.5, "co2": 2855.0}
{"time": "2026-03-03T00:58:58", "stage": "Decline", "temp": 25.3, "co2": 7294.0}
{"time": "2026-02-19T15:55:05", "stage": "Exponential", "temp": 34.1, "co2": 1921.0}
{"time": "2026-02-19T16:59:39", "stage": "Peak", "temp": 34.2, "co2": 5371.0}
{"time": "2026-02-19T19:01:10", "stage": "Decline", "temp": 34.4, "co2": 17588.0}
{"time": "2026-02-24T16:54:12", "stage": "Exponential", "temp": 33.7, "co2": 3408.0}
{"time": "2026-02-24T17:55:31", "stage": "Peak", "temp": 34.3, "co2": 7152.0}
{"time": "2026-02-24T18:51:39", "stage": "Decline", "temp": 34.5, "co2": 21554.0}
{"time": "2026-02-24T23:19:27", "stage": "Exponential", "temp": 33.9, "co2": 3428.0}
{"time": "2026-02-25T00:19:43", "stage": "Peak", "temp": 34.3, "co2": 23466.0}
{"time": "2026-02-25T01:28:53", "stage": "Decline", "temp": 34.5, "co2": 33355.0}
{"time": "2026-02-25T10:20:49", "stage": "Exponential", "temp": 33.8, "co2": 2972.0}
{"time": "2026-02-25T11:36:12", "stage": "Peak", "temp": 34.3, "co2": 10447.0}
{"time": "2026-02-25T13:05:52", "stage": "Decline", "temp": 34.4, "co2": 29731.0}
{"time": "2026-02-25T16:50:21", "stage": "Exponential", "temp": 34.1, "co2": 2845.0}
{"time": "2026-02-25T18:07:50", "stage": "Peak", "temp": 34.5, "co2": 13622.0}
{"time": "2026-02-25T23:56:43", "stage": "Exponential", "temp": 33.7, "co2": 3478.0}
{"time": "2026-02-26T01:18:40", "stage": "Peak", "temp": 34.1, "co2": 10822.0}
{"time": "2026-02-26T01:54:46", "stage": "Decline", "temp": 34.2, "co2": 26302.0}
{"time": "2026-02-26T16:49:52", "stage": "Exponential", "temp": 33.6, "co2": 3081.0}
{"time": "2026-02-26T18:12:21", "stage": "Peak", "temp": 34.2, "co2": 6754.0}
{"time": "2026-02-26T19:13:31", "stage": "Decline", "temp": 34.2, "co2": 11885.0}
{"time": "2026-02-27T14:34:27", "stage": "Exponential", "temp": 32.6, "co2": 2049.0}
{"time": "2026-02-27T16:02:03", "stage": "Peak", "temp": 31.6, "co2": 8936.0}
{"time": "2026-02-27T22:52:50", "stage": "Exponential", "temp": 30.7, "co2": 1184.0}
{"time": "2026-02-28T00:28:37", "stage": "Peak", "temp": 30.9, "co2": 7220.0}
{"time": "2026-02-28T01:35:08", "stage": "Decline", "temp": 31.0, "co2": 22167.0}
{"time": "2026-03-01T01:28:10", "stage": "Exponential", "temp": 29.7, "co2": 1807.0}
{"time": "2026-03-01T03:13:06", "stage": "Peak", "temp": 29.1, "co2": 17938.0}
{"time": "2026-03-01T03:23:10", "stage": "Decline", "temp": 29.0, "co2": 16123.0}
{"time": "2026-03-01T13:18:19", "stage": "Exponential", "temp": 28.3, "co2": 1940.0}
{"time": "2026-03-01T16:43:09", "stage": "Peak", "temp": 28.5, "co2": 8628.0}
{"time": "2026-03-01T17:07:17", "stage": "Decline", "temp": 28.5, "co2": 16736.0}
{"time": "2026-03-02T00:18:59", "stage": "Exponential", "temp": 28.1, "co2": 2262.0}
{"time": "2026-03-02T01:29:31", "stage": "Peak", "temp": 28.0, "co2": 8339.0}
{"time": "2026-03-02T03:33:32", "stage": "Decline", "temp": 27.7, "co2": 15278.0}
{"time": "2026-03-02T11:03:11", "stage": "Exponential", "temp": 27.4, "co2": 1802.0}
{"time": "2026-03-02T13:29:19", "stage": "Peak", "temp": 27.5, "co2": 15019.0}
{"time": "2026-03-02T13:51:28", "stage": "Decline", "temp": 27.7, "co2": 18589.0}
{"time": "2026-03-02T20:51:13", "stage": "Exponential", "temp": 26.9, "co2": 1909.0}
{"time": "2026-03-02T23:51:30", "stage": "Decline", "temp": 25.3, "co2": 8825.0}
{"time": "2026-02-19T15:55:05", "stage": "Exponential", "temp": 34.1, "co2": 1921.0}
{"time": "2026-02-19T17:04:40", "stage": "Peak", "temp": 34.2, "co2": 6233.0}
{"time": "2026-02-19T18:58:09", "stage": "Decline", "temp": 34.4, "co2": 20212.0}
{"time": "2026-02-24T16:54:12", "stage": "Exponential", "temp": 33.7, "co2": 3408.0}
{"time": "2026-02-24T17:55:31", "stage": "Peak", "temp": 34.3, "co2": 7152.0}
{"time": "2026-02-24T19:00:40", "stage": "Decline", "temp": 34.6, "co2": 34543.0}
{"time": "2026-02-24T23:19:27", "stage": "Exponential", "temp": 33.9, "co2": 3428.0}
{"time": "2026-02-25T00:17:43", "stage": "Peak", "temp": 34.3, "co2": 22211.0}
{"time": "2026-02-25T01:29:53", "stage": "Decline", "temp": 34.5, "co2": 39852.0}
{"time": "2026-02-25T10:18:48", "stage": "Exponential", "temp": 33.8, "co2": 2938.0}
{"time": "2026-02-25T11:36:12", "stage": "Peak", "temp": 34.3, "co2": 10447.0}
{"time": "2026-02-25T12:55:47", "stage": "Decline", "temp": 34.4, "co2": 27121.0}
{"time": "2026-02-25T16:50:21", "stage": "Exponential", "temp": 34.1, "co2": 2845.0}
{"time": "2026-02-25T18:09:50", "stage": "Peak", "temp": 34.5, "co2": 11917.0}
{"time": "2026-02-25T23:56:43", "stage": "Exponential", "temp": 33.7, "co2": 3478.0}
{"time": "2026-02-26T01:17:40", "stage": "Peak", "temp": 34.1, "co2": 11141.0}
{"time": "2026-02-26T01:52:45", "stage": "Decline", "temp": 34.2, "co2": 36866.0}
{"time": "2026-02-26T16:48:51", "stage": "Exponential", "temp": 33.5, "co2": 3086.0}
{"time": "2026-02-26T18:12:21", "stage": "Peak", "temp": 34.2, "co2": 6754.0}
{"time": "2026-02-26T19:13:31", "stage": "Decline", "temp": 34.2, "co2": 11885.0}
{"time": "2026-02-27T14:34:27", "stage": "Exponential", "temp": 32.6, "co2": 2049.0}
{"time": "2026-02-27T16:03:03", "stage": "Peak", "temp": 31.6, "co2": 9038.0}
{"time": "2026-02-27T17:21:36", "stage": "Decline", "temp": 31.7, "co2": 17181.0}
{"time": "2026-02-27T22:52:50", "stage": "Exponential", "temp": 30.7, "co2": 1184.0}
{"time": "2026-02-28T00:20:33", "stage": "Peak", "temp": 31.0, "co2": 5316.0}
{"time": "2026-02-28T01:36:09", "stage": "Decline", "temp": 31.0, "co2": 22099.0}
{"time": "2026-02-28T16:41:51", "stage": "Exponential", "temp": 30.3, "co2": 586.0}
{"time": "2026-02-28T18:23:28", "stage": "Peak", "temp": 30.8, "co2": 10381.0}
{"time": "2026-02-28T19:05:45", "stage": "Decline", "temp": 30.9, "co2": 8519.0}
{"time": "2026-03-01T01:22:07", "stage": "Exponential", "temp": 29.8, "co2": 1794.0}
{"time": "2026-03-01T02:46:53", "stage": "Peak", "temp": 29.2, "co2": 8190.0}
{"time": "2026-03-01T03:30:14", "stage": "Decline", "temp": 29.0, "co2": 14667.0}
{"time": "2026-03-01T13:43:32", "stage": "Exponential", "temp": 28.4, "co2": 1850.0}
{"time": "2026-03-01T16:43:09", "stage": "Peak", "temp": 28.5, "co2": 8628.0}
{"time": "2026-03-01T17:04:16", "stage": "Decline", "temp": 28.5, "co2": 12619.0}
{"time": "2026-03-02T00:19:59", "stage": "Exponential", "temp": 28.1, "co2": 2259.0}
{"time": "2026-03-02T01:29:31", "stage": "Peak", "temp": 28.0, "co2": 8339.0}
{"time": "2026-03-02T01:34:34", "stage": "Decline", "temp": 27.9, "co2": 14141.0}
{"time": "2026-03-02T11:04:12", "stage": "Exponential", "temp": 27.4, "co2": 1812.0}
{"time": "2026-03-02T13:20:15", "stage": "Peak", "temp": 27.4, "co2": 7855.0}
{"time": "2026-03-02T13:48:26", "stage": "Decline", "temp": 27.7, "co2": 23442.0}
{"time": "2026-03-02T20:47:12", "stage": "Exponential", "temp": 26.9, "co2": 1927.0}
{"time": "2026-03-02T23:51:30", "stage": "Decline", "temp": 25.3, "co2": 8825.0}
{"time": "2026-02-19T15:55:05", "stage": "Exponential", "temp": 34.1, "co2": 1921.0}
{"time": "2026-02-19T17:04:40", "stage": "Peak", "temp": 34.2, "co2": 6233.0}
{"time": "2026-02-19T18:40:04", "stage": "Decline", "temp": 34.4, "co2": 25365.0}
{"time": "2026-02-24T16:54:12", "stage": "Exponential", "temp": 33.7, "co2": 3408.0}
{"time": "2026-02-24T17:56:31", "stage": "Peak", "temp": 34.3, "co2": 8418.0}
{"time": "2026-02-24T19:49:47", "stage": "Decline", "temp": 34.6, "co2": 39942.0}
{"time": "2026-02-24T23:19:27", "stage": "Exponential", "temp": 33.9, "co2": 3428.0}
{"time": "2026-02-25T00:12:42", "stage": "Peak", "temp": 34.2, "co2": 10861.0}
{"time": "2026-02-25T02:14:02", "stage": "Decline", "temp": 34.5, "co2": 39749.0}
{"time": "2026-02-25T10:13:46", "stage": "Exponential", "temp": 33.6, "co2": 2895.0}
{"time": "2026-02-25T11:35:12", "stage": "Peak", "temp": 34.3, "co2": 10447.0}
{"time": "2026-02-25T13:37:08", "stage": "Decline", "temp": 34.4, "co2": 21791.0}
{"time": "2026-02-25T16:50:21", "stage": "Exponential", "temp": 34.1, "co2": 2845.0}
{"time": "2026-02-25T17:59:49", "stage": "Peak", "temp": 34.4, "co2": 12661.0}
{"time": "2026-02-25T20:01:13", "stage": "Decline", "temp": 34.5, "co2": 28834.0}
{"time": "2026-02-25T23:54:43", "stage": "Exponential", "temp": 33.6, "co2": 3303.0}
{"time": "2026-02-26T01:10:39", "stage": "Peak", "temp": 34.1, "co2": 11005.0}
{"time": "2026-02-26T03:12:05", "stage": "Decline", "temp": 34.2, "co2": 24872.0}
{"time": "2026-02-26T16:46:51", "stage": "Exponential", "temp": 33.4, "co2": 3093.0}
{"time": "2026-02-26T18:15:22", "stage": "Peak", "temp": 34.3, "co2": 8800.0}
{"time": "2026-02-26T20:16:41", "stage": "Decline", "temp": 34.5, "co2": 10759.0}
{"time": "2026-02-27T14:34:27", "stage": "Exponential", "temp": 32.6, "co2": 2049.0}
{"time": "2026-02-27T15:44:58", "stage": "Peak", "temp": 31.5, "co2": 7673.0}
{"time": "2026-02-27T17:46:49", "stage": "Decline", "temp": 31.5, "co2": 29989.0}
{"time": "2026-02-27T22:52:50", "stage": "Exponential", "temp": 30.7, "co2": 1184.0}
{"time": "2026-02-28T00:31:38", "stage": "Peak", "temp": 30.9, "co2": 13478.0}
{"time": "2026-02-28T02:33:38", "stage": "Decline", "temp": 31.1, "co2": 13266.0}
{"time": "2026-02-28T16:29:45", "stage": "Exponential", "temp": 30.2, "co2": 525.0}
{"time": "2026-02-28T18:15:24", "stage": "Peak", "temp": 30.6, "co2": 6381.0}
{"time": "2026-02-28T20:16:33", "stage": "Decline", "temp": 31.2, "co2": 14911.0}
{"time": "2026-03-01T01:06:00", "stage": "Exponential", "temp": 29.7, "co2": 1738.0}
{"time": "2026-03-01T02:47:53", "stage": "Peak", "temp": 29.2, "co2": 7128.0}
{"time": "2026-03-01T04:49:54", "stage": "Decline", "temp": 28.6, "co2": 12243.0}
{"time": "2026-03-01T13:05:13", "stage": "Exponential", "temp": 28.3, "co2": 2003.0}
{"time": "2026-03-01T16:36:08", "stage": "Peak", "temp": 28.4, "co2": 5460.0}
{"time": "2026-03-01T18:13:44", "stage": "Decline", "temp": 30.9, "co2": 4624.0}
{"time": "2026-03-01T23:34:38", "stage": "Exponential", "temp": 28.2, "co2": 1849.0}
{"time": "2026-03-02T01:23:29", "stage": "Peak", "temp": 27.9, "co2": 5173.0}
{"time": "2026-03-02T02:46:08", "stage": "Decline", "temp": 27.8, "co2": 10294.0}
{"time": "2026-03-02T10:35:59", "stage": "Exponential", "temp": 27.3, "co2": 1749.0}
{"time": "2026-03-02T12:51:03", "stage": "Peak", "temp": 27.3, "co2": 3956.0}
{"time": "2026-03-02T14:52:57", "stage": "Decline", "temp": 28.1, "co2": 9772.0}
{"time": "2026-03-02T20:15:57", "stage": "Exponential", "temp": 26.8, "co2": 2251.0}
{"time": "2026-03-02T22:57:08", "stage": "Peak", "temp": 25.5, "co2": 2855.0}
{"time": "2026-03-03T00:58:58", "stage": "Decline", "temp": 25.3, "co2": 7294.0}
{"time": "2026-02-19T15:55:05", "stage": "Exponential", "temp": 34.1, "co2": 1921.0}
{"time": "2026-02-19T17:01:40", "stage": "Peak", "temp": 34.2, "co2": 7849.0}
{"time": "2026-02-19T19:03:10", "stage": "Decline", "temp": 34.4, "co2": 20367.0}
{"time": "2026-02-24T16:54:12", "stage": "Exponential", "temp": 33.7, "co2": 3408.0}
{"time": "2026-02-24T17:57:31", "stage": "Peak", "temp": 34.3, "co2": 8418.0}
{"time": "2026-02-24T19:58:48", "stage": "Decline", "temp": 34.6, "co2": 19347.0}
{"time": "2026-02-24T23:19:27", "stage": "Exponential", "temp": 33.9, "co2": 3428.0}
{"time": "2026-02-25T00:18:43", "stage": "Peak", "temp": 34.3, "co2": 23466.0}
{"time": "2026-02-25T02:20:05", "stage": "Decline", "temp": 34.5, "co2": 25228.0}
{"time": "2026-02-25T10:13:46", "stage": "Exponential", "temp": 33.6, "co2": 2895.0}
{"time": "2026-02-25T11:35:12", "stage": "Peak", "temp": 34.3, "co2": 10447.0}
{"time": "2026-02-25T13:37:08", "stage": "Decline", "temp": 34.4, "co2": 21791.0}
{"time": "2026-02-25T16:50:21", "stage": "Exponential", "temp": 34.1, "co2": 2845.0}
{"time": "2026-02-25T17:52:48", "stage": "Peak", "temp": 34.3, "co2": 5618.0}
{"time": "2026-02-25T19:54:10", "stage": "Decline", "temp": 34.6, "co2": 29666.0}
{"time": "2026-02-25T23:54:43", "stage": "Exponential", "temp": 33.6, "co2": 3303.0}
{"time": "2026-02-26T01:12:40", "stage": "Peak", "temp": 34.1, "co2": 15997.0}
{"time": "2026-02-26T03:14:05", "stage": "Decline", "temp": 34.3, "co2": 31330.0}
{"time": "2026-02-26T16:52:53", "stage": "Exponential", "temp": 33.7, "co2": 3125.0}
{"time": "2026-02-26T18:15:22", "stage": "Peak", "temp": 34.3, "co2": 8800.0}
{"time": "2026-02-26T20:16:41", "stage": "Decline", "temp": 34.5, "co2": 10759.0}
{"time": "2026-02-27T14:34:27", "stage": "Exponential", "temp": 32.6, "co2": 2049.0}
{"time": "2026-02-27T15:44:58", "stage": "Peak", "temp": 31.5, "co2": 7673.0}
{"time": "2026-02-27T17:46:49", "stage": "Decline", "temp": 31.5, "co2": 29989.0}
{"time": "2026-02-27T22:52:50", "stage": "Exponential", "temp": 30.7, "co2": 1184.0}
{"time": "2026-02-28T00:28:37", "stage": "Peak", "temp": 30.9, "co2": 7220.0}
{"time": "2026-02-28T02:30:37", "stage": "Decline", "temp": 31.1, "co2": 16778.0}
{"time": "2026-02-28T16:29:45", "stage": "Exponential", "temp": 30.2, "co2": 525.0}
{"time": "2026-02-28T18:16:24", "stage": "Peak", "temp": 30.6, "co2": 6729.0}
{"time": "2026-02-28T20:06:28", "stage": "Decline", "temp": 31.2, "co2": 15609.0}
{"time": "2026-03-01T01:06:00", "stage": "Exponential", "temp": 29.7, "co2": 1738.0}
{"time": "2026-03-01T02:46:53", "stage": "Peak", "temp": 29.2, "co2": 8190.0}
{"time": "2026-03-01T04:47:53", "stage": "Decline", "temp": 28.6, "co2": 14947.0}
{"time": "2026-03-01T13:08:14", "stage": "Exponential", "temp": 28.3, "co2": 1986.0}
{"time": "2026-03-01T16:35:08", "stage": "Peak", "temp": 28.4, "co2": 3895.0}
{"time": "2026-03-01T18:36:53", "stage": "Decline", "temp": 30.6, "co2": 10000.0}
{"time": "2026-03-01T23:34:38", "stage": "Exponential", "temp": 28.2, "co2": 1849.0}
{"time": "2026-03-02T01:17:26", "stage": "Peak", "temp": 27.9, "co2": 3615.0}
{"time": "2026-03-02T02:55:13", "stage": "Decline", "temp": 27.8, "co2": 7791.0}
{"time": "2026-03-02T10:40:00", "stage": "Exponential", "temp": 27.3, "co2": 1740.0}
{"time": "2026-03-02T13:20:15", "stage": "Peak", "temp": 27.4, "co2": 7855.0}
{"time": "2026-03-02T15:22:12", "stage": "Decline", "temp": 27.9, "co2": 18058.0}
{"time": "2026-03-02T20:47:12", "stage": "Exponential", "temp": 26.9, "co2": 1927.0}
{"time": "2026-03-02T22:57:08", "stage": "Peak", "temp": 25.5, "co2": 2855.0}
{"time": "2026-03-03T00:58:58", "stage": "Decline", "temp": 25.3, "co2": 7294.0}
{"time": "2026-02-19T15:55:05", "stage": "Exponential", "temp": 34.1, "co2": 1921.0}
{"time": "2026-02-19T17:02:40", "stage": "Peak", "temp": 34.2, "co2": 6674.0}
{"time": "2026-02-19T19:04:10", "stage": "Decline", "temp": 34.4, "co2": 20528.0}
{"time": "2026-02-24T16:54:12", "stage": "Exponential", "temp": 33.7, "co2": 3408.0}
{"time": "2026-02-24T17:53:31", "stage": "Peak", "temp": 34.3, "co2": 4912.0}
{"time": "2026-02-24T19:54:47", "stage": "Decline", "temp": 34.6, "co2": 34271.0}
{"time": "2026-02-24T23:19:27", "stage": "Exponential", "temp": 33.9, "co2": 3428.0}
{"time": "2026-02-25T00:19:43", "stage": "Peak", "temp": 34.3, "co2": 23466.0}
{"time": "2026-02-25T02:21:05", "stage": "Decline", "temp": 34.5, "co2": 22044.0}
{"time": "2026-02-25T10:10:44", "stage": "Exponential", "temp": 33.5, "co2": 2893.0}
{"time": "2026-02-25T11:35:12", "stage": "Peak", "temp": 34.3, "co2": 10447.0}
{"time": "2026-02-25T13:37:08", "stage": "Decline", "temp": 34.4, "co2": 21791.0}
{"time": "2026-02-25T16:50:21", "stage": "Exponential", "temp": 34.1, "co2": 2845.0}
{"time": "2026-02-25T18:07:50", "stage": "Peak", "temp": 34.5, "co2": 13622.0}
{"time": "2026-02-25T19:59:12", "stage": "Decline", "temp": 34.5, "co2": 31794.0}
{"time": "2026-02-25T23:54:43", "stage": "Exponential", "temp": 33.6, "co2": 3303.0}
{"time": "2026-02-26T01:11:40", "stage": "Peak", "temp": 34.1, "co2": 15997.0}
{"time": "2026-02-26T03:13:05", "stage": "Decline", "temp": 34.2, "co2": 29310.0}
{"time": "2026-02-26T16:52:53", "stage": "Exponential", "temp": 33.7, "co2": 3125.0}
{"time": "2026-02-26T18:15:22", "stage": "Peak", "temp": 34.3, "co2": 8800.0}
{"time": "2026-02-26T20:16:41", "stage": "Decline", "temp": 34.5, "co2": 10759.0}
{"time": "2026-02-27T14:34:27", "stage": "Exponential", "temp": 32.6, "co2": 2049.0}
{"time": "2026-02-27T15:44:58", "stage": "Peak", "temp": 31.5, "co2": 7673.0}
{"time": "2026-02-27T17:59:57", "stage": "Decline", "temp": 31.4, "co2": 16476.0}
{"time": "2026-02-27T22:52:50", "stage": "Exponential", "temp": 30.7, "co2": 1184.0}
{"time": "2026-02-28T00:28:37", "stage": "Peak", "temp": 30.9, "co2": 7220.0}
{"time": "2026-02-28T02:30:37", "stage": "Decline", "temp": 31.1, "co2": 16778.0}
{"time": "2026-02-28T16:23:42", "stage": "Exponential", "temp": 30.0, "co2": 500.0}
{"time": "2026-02-28T18:15:24", "stage": "Peak", "temp": 30.6, "co2": 6381.0}
{"time": "2026-02-28T20:23:37", "stage": "Decline", "temp": 31.2, "co2": 15468.0}
{"time": "2026-03-01T01:06:00", "stage": "Exponential", "temp": 29.7, "co2": 1738.0}
{"time": "2026-03-01T02:47:53", "stage": "Peak", "temp": 29.2, "co2": 7128.0}
{"time": "2026-03-01T04:49:54", "stage": "Decline", "temp": 28.6, "co2": 12243.0}
{"time": "2026-03-01T13:05:13", "stage": "Exponential", "temp": 28.3, "co2": 2003.0}
{"time": "2026-03-01T16:35:08", "stage": "Peak", "temp": 28.4, "co2": 3895.0}
{"time": "2026-03-01T18:36:53", "stage": "Decline", "temp": 30.6, "co2": 10000.0}
{"time": "2026-03-01T23:34:38", "stage": "Exponential", "temp": 28.2, "co2": 1849.0}
{"time": "2026-03-02T01:17:26", "stage": "Peak", "temp": 27.9, "co2": 3615.0}
{"time": "2026-03-02T03:33:32", "stage": "Decline", "temp": 27.7, "co2": 15278.0}
{"time": "2026-03-02T10:28:55", "stage": "Exponential", "temp": 27.3, "co2": 1753.0}
{"time": "2026-03-02T13:20:15", "stage": "Peak", "temp": 27.4, "co2": 7855.0}
{"time": "2026-03-02T15:22:12", "stage": "Decline", "temp": 27.9, "co2": 18058.0}
{"time": "2026-03-02T20:47:12", "stage": "Exponential", "temp": 26.9, "co2": 1927.0}
{"time": "2026-03-02T22:57:08", "stage": "Peak", "temp": 25.5, "co2": 2855.0}
{"time": "2026-03-03T00:58:58", "stage": "Decline", "temp": 25.3, "co2": 7294.0}
{"time": "2026-02-19T15:55:05", "stage": "Exponential", "temp": 34.1, "co2": 1921.0}
{"time": "2026-02-19T17:01:40", "stage": "Peak", "temp": 34.2, "co2": 7849.0}
{"time": "2026-02-19T19:03:10", "stage": "Decline", "temp": 34.4, "co2": 20367.0}
{"time": "2026-02-24T16:54:12", "stage": "Exponential", "temp": 33.7, "co2": 3408.0}
{"time": "2026-02-24T17:57:31", "stage": "Peak", "temp": 34.3, "co2": 8418.0}
{"time": "2026-02-24T19:58:48", "stage": "Decline", "temp": 34.6, "co2": 19347.0}
{"time": "2026-02-24T23:19:27", "stage": "Exponential", "temp": 33.9, "co2": 3428.0}
{"time": "2026-02-25T00:19:43", "stage": "Peak", "temp": 34.3, "co2": 23466.0}
{"time": "2026-02-25T02:21:05", "stage": "Decline", "temp": 34.5, "co2": 22044.0}
{"time": "2026-02-25T10:14:46", "stage": "Exponential", "temp": 33.7, "co2": 2901.0}
{"time": "2026-02-25T11:35:12", "stage": "Peak", "temp": 34.3, "co2": 10447.0}
{"time": "2026-02-25T13:37:08", "stage": "Decline", "temp": 34.4, "co2": 21791.0}
{"time": "2026-03-03T15:51:22.647605+00:00", "stage": "Peak", "temp": 26.54345, "co2": 11194.0}
